=/pretest.json
{
  _: [],
  f: [
    '/home/runner/work/exp-channels-iiith/exp-channels-iiith/experiment/pretest.json'
  ],
  files: [
    '/home/runner/work/exp-channels-iiith/exp-channels-iiith/experiment/pretest.json'
  ],
  c: 'assessment',
  contentTypes: 'assessment',
  'content-types': 'assessment',
  '$0': 'validate'
}
Validated true
=/posttest.json
{
  _: [],
  f: [
    '/home/runner/work/exp-channels-iiith/exp-channels-iiith/experiment/posttest.json'
  ],
  files: [
    '/home/runner/work/exp-channels-iiith/exp-channels-iiith/experiment/posttest.json'
  ],
  c: 'assessment',
  contentTypes: 'assessment',
  'content-types': 'assessment',
  '$0': 'validate'
}
/questions/5: must have required property 'difficulty'

Json Error: must match "then" schema
Json Error: must match "then" schema
Failed while validating /home/runner/work/exp-channels-iiith/exp-channels-iiith/experiment/posttest.json
Error: Schema is Invalid
